
> Configure project :
Architect Plugin: 3.4.162
Architectury Loom: 1.11.458

> Task :common-1.21:compileJava FAILED
C:\Users\nebur\Desktop\quick-skin-1.20.1-fabric-forge\common-1.21\src\main\java\com\quickskin\mod\client\rendering\PlayerModelRenderer.java:459: error: ';' expected
                .setNormal(0.0f, 0.0f, 1.0f)
                                            ^
C:\Users\nebur\Desktop\quick-skin-1.20.1-fabric-forge\common-1.21\src\main\java\com\quickskin\mod\client\rendering\PlayerModelRenderer.java:467: error: ';' expected
                .setNormal(0.0f, 0.0f, 1.0f)
                                            ^
C:\Users\nebur\Desktop\quick-skin-1.20.1-fabric-forge\common-1.21\src\main\java\com\quickskin\mod\client\rendering\PlayerModelRenderer.java:475: error: ';' expected
                .setNormal(0.0f, 0.0f, 1.0f)
                                            ^
C:\Users\nebur\Desktop\quick-skin-1.20.1-fabric-forge\common-1.21\src\main\java\com\quickskin\mod\client\rendering\PlayerModelRenderer.java:483: error: ';' expected
                .setNormal(0.0f, 0.0f, 1.0f)
                                            ^
C:\Users\nebur\Desktop\quick-skin-1.20.1-fabric-forge\common-1.21\src\main\java\com\quickskin\mod\client\rendering\PlayerModelRenderer.java:570: error: ';' expected
                .setNormal(0.0f, 0.0f, 1.0f)
                                            ^
C:\Users\nebur\Desktop\quick-skin-1.20.1-fabric-forge\common-1.21\src\main\java\com\quickskin\mod\client\rendering\PlayerModelRenderer.java:579: error: ';' expected
                .setNormal(0.0f, 0.0f, 1.0f)
                                            ^
C:\Users\nebur\Desktop\quick-skin-1.20.1-fabric-forge\common-1.21\src\main\java\com\quickskin\mod\client\rendering\PlayerModelRenderer.java:588: error: ';' expected
                .setNormal(0.0f, 0.0f, 1.0f)
                                            ^
C:\Users\nebur\Desktop\quick-skin-1.20.1-fabric-forge\common-1.21\src\main\java\com\quickskin\mod\client\rendering\PlayerModelRenderer.java:597: error: ';' expected
                .setNormal(0.0f, 0.0f, 1.0f)
                                            ^
C:\Users\nebur\Desktop\quick-skin-1.20.1-fabric-forge\common-1.21\src\main\java\com\quickskin\mod\client\rendering\PlayerModelRenderer.java:875: error: ';' expected
                .setNormal(nx, ny, nz)
                                      ^
C:\Users\nebur\Desktop\quick-skin-1.20.1-fabric-forge\common-1.21\src\main\java\com\quickskin\mod\client\rendering\PlayerModelRenderer.java:883: error: ';' expected
                .setNormal(nx, ny, nz)
                                      ^
C:\Users\nebur\Desktop\quick-skin-1.20.1-fabric-forge\common-1.21\src\main\java\com\quickskin\mod\client\rendering\PlayerModelRenderer.java:891: error: ';' expected
                .setNormal(nx, ny, nz)
                                      ^
C:\Users\nebur\Desktop\quick-skin-1.20.1-fabric-forge\common-1.21\src\main\java\com\quickskin\mod\client\rendering\PlayerModelRenderer.java:899: error: ';' expected
                .setNormal(nx, ny, nz)
                                      ^
C:\Users\nebur\Desktop\quick-skin-1.20.1-fabric-forge\common-1.21\src\main\java\com\quickskin\mod\client\rendering\PlayerModelRenderer.java:908: error: ';' expected
                .setNormal(nx, ny, nz)
                                      ^
C:\Users\nebur\Desktop\quick-skin-1.20.1-fabric-forge\common-1.21\src\main\java\com\quickskin\mod\client\rendering\PlayerModelRenderer.java:915: error: ';' expected
                .setNormal(nx, ny, nz)
                                      ^
C:\Users\nebur\Desktop\quick-skin-1.20.1-fabric-forge\common-1.21\src\main\java\com\quickskin\mod\client\rendering\PlayerModelRenderer.java:922: error: ';' expected
                .setNormal(nx, ny, nz)
                                      ^
C:\Users\nebur\Desktop\quick-skin-1.20.1-fabric-forge\common-1.21\src\main\java\com\quickskin\mod\client\rendering\PlayerModelRenderer.java:929: error: ';' expected
                .setNormal(nx, ny, nz)
                                      ^
C:\Users\nebur\Desktop\quick-skin-1.20.1-fabric-forge\common-1.21\src\main\java\com\quickskin\mod\client\rendering\PlayerModelRenderer.java:938: error: ';' expected
                .setNormal(nx, ny, nz)
                                      ^
C:\Users\nebur\Desktop\quick-skin-1.20.1-fabric-forge\common-1.21\src\main\java\com\quickskin\mod\client\rendering\PlayerModelRenderer.java:945: error: ';' expected
                .setNormal(nx, ny, nz)
                                      ^
C:\Users\nebur\Desktop\quick-skin-1.20.1-fabric-forge\common-1.21\src\main\java\com\quickskin\mod\client\rendering\PlayerModelRenderer.java:952: error: ';' expected
                .setNormal(nx, ny, nz)
                                      ^
C:\Users\nebur\Desktop\quick-skin-1.20.1-fabric-forge\common-1.21\src\main\java\com\quickskin\mod\client\rendering\PlayerModelRenderer.java:959: error: ';' expected
                .setNormal(nx, ny, nz)
                                      ^
20 errors

[Incubating] Problems report is available at: file:///C:/Users/nebur/Desktop/quick-skin-1.20.1-fabric-forge/build/reports/problems/problems-report.html

FAILURE: Build failed with an exception.

* What went wrong:
Execution failed for task ':common-1.21:compileJava'.
> Compilation failed; see the compiler output below.
  C:\Users\nebur\Desktop\quick-skin-1.20.1-fabric-forge\common-1.21\src\main\java\com\quickskin\mod\client\rendering\PlayerModelRenderer.java:459: error: ';' expected
                  .setNormal(0.0f, 0.0f, 1.0f)
                                              ^
  C:\Users\nebur\Desktop\quick-skin-1.20.1-fabric-forge\common-1.21\src\main\java\com\quickskin\mod\client\rendering\PlayerModelRenderer.java:467: error: ';' expected
                  .setNormal(0.0f, 0.0f, 1.0f)
                                              ^
  C:\Users\nebur\Desktop\quick-skin-1.20.1-fabric-forge\common-1.21\src\main\java\com\quickskin\mod\client\rendering\PlayerModelRenderer.java:475: error: ';' expected
                  .setNormal(0.0f, 0.0f, 1.0f)
                                              ^
  C:\Users\nebur\Desktop\quick-skin-1.20.1-fabric-forge\common-1.21\src\main\java\com\quickskin\mod\client\rendering\PlayerModelRenderer.java:483: error: ';' expected
                  .setNormal(0.0f, 0.0f, 1.0f)
                                              ^
  C:\Users\nebur\Desktop\quick-skin-1.20.1-fabric-forge\common-1.21\src\main\java\com\quickskin\mod\client\rendering\PlayerModelRenderer.java:570: error: ';' expected
                  .setNormal(0.0f, 0.0f, 1.0f)
                                              ^
  C:\Users\nebur\Desktop\quick-skin-1.20.1-fabric-forge\common-1.21\src\main\java\com\quickskin\mod\client\rendering\PlayerModelRenderer.java:579: error: ';' expected
                  .setNormal(0.0f, 0.0f, 1.0f)
                                              ^
  C:\Users\nebur\Desktop\quick-skin-1.20.1-fabric-forge\common-1.21\src\main\java\com\quickskin\mod\client\rendering\PlayerModelRenderer.java:588: error: ';' expected
                  .setNormal(0.0f, 0.0f, 1.0f)
                                              ^
  C:\Users\nebur\Desktop\quick-skin-1.20.1-fabric-forge\common-1.21\src\main\java\com\quickskin\mod\client\rendering\PlayerModelRenderer.java:597: error: ';' expected
                  .setNormal(0.0f, 0.0f, 1.0f)
                                              ^
  C:\Users\nebur\Desktop\quick-skin-1.20.1-fabric-forge\common-1.21\src\main\java\com\quickskin\mod\client\rendering\PlayerModelRenderer.java:875: error: ';' expected
                  .setNormal(nx, ny, nz)
                                        ^
  C:\Users\nebur\Desktop\quick-skin-1.20.1-fabric-forge\common-1.21\src\main\java\com\quickskin\mod\client\rendering\PlayerModelRenderer.java:883: error: ';' expected
                  .setNormal(nx, ny, nz)
                                        ^
  C:\Users\nebur\Desktop\quick-skin-1.20.1-fabric-forge\common-1.21\src\main\java\com\quickskin\mod\client\rendering\PlayerModelRenderer.java:891: error: ';' expected
                  .setNormal(nx, ny, nz)
                                        ^
  C:\Users\nebur\Desktop\quick-skin-1.20.1-fabric-forge\common-1.21\src\main\java\com\quickskin\mod\client\rendering\PlayerModelRenderer.java:899: error: ';' expected
                  .setNormal(nx, ny, nz)
                                        ^
  C:\Users\nebur\Desktop\quick-skin-1.20.1-fabric-forge\common-1.21\src\main\java\com\quickskin\mod\client\rendering\PlayerModelRenderer.java:908: error: ';' expected
                  .setNormal(nx, ny, nz)
                                        ^
  C:\Users\nebur\Desktop\quick-skin-1.20.1-fabric-forge\common-1.21\src\main\java\com\quickskin\mod\client\rendering\PlayerModelRenderer.java:915: error: ';' expected
                  .setNormal(nx, ny, nz)
                                        ^
  C:\Users\nebur\Desktop\quick-skin-1.20.1-fabric-forge\common-1.21\src\main\java\com\quickskin\mod\client\rendering\PlayerModelRenderer.java:922: error: ';' expected
                  .setNormal(nx, ny, nz)
                                        ^
  C:\Users\nebur\Desktop\quick-skin-1.20.1-fabric-forge\common-1.21\src\main\java\com\quickskin\mod\client\rendering\PlayerModelRenderer.java:929: error: ';' expected
                  .setNormal(nx, ny, nz)
                                        ^
  C:\Users\nebur\Desktop\quick-skin-1.20.1-fabric-forge\common-1.21\src\main\java\com\quickskin\mod\client\rendering\PlayerModelRenderer.java:938: error: ';' expected
                  .setNormal(nx, ny, nz)
                                        ^
  C:\Users\nebur\Desktop\quick-skin-1.20.1-fabric-forge\common-1.21\src\main\java\com\quickskin\mod\client\rendering\PlayerModelRenderer.java:945: error: ';' expected
                  .setNormal(nx, ny, nz)
                                        ^
  C:\Users\nebur\Desktop\quick-skin-1.20.1-fabric-forge\common-1.21\src\main\java\com\quickskin\mod\client\rendering\PlayerModelRenderer.java:952: error: ';' expected
                  .setNormal(nx, ny, nz)
                                        ^
  C:\Users\nebur\Desktop\quick-skin-1.20.1-fabric-forge\common-1.21\src\main\java\com\quickskin\mod\client\rendering\PlayerModelRenderer.java:959: error: ';' expected
                  .setNormal(nx, ny, nz)
                                        ^
  20 errors

* Try:
> Check your code and dependencies to fix the compilation error(s)
> Run with --scan to get full insights.

BUILD FAILED in 2s
1 actionable task: 1 executed
