
> Configure project :
Architect Plugin: 3.4.162
Architectury Loom: 1.11.458

> Task :neoforge:processResources UP-TO-DATE
> Task :neoforge:processIncludeJars UP-TO-DATE
> Task :neoforge:sourcesJar UP-TO-DATE
> Task :neoforge:processTestResources NO-SOURCE
> Task :neoforge:validateAccessWidener NO-SOURCE

> Task :common-1.21:compileJava FAILED
C:\Users\nebur\Desktop\quick-skin-1.20.1-fabric-forge\common-1.21\src\main\java\com\quickskin\mod\mixin\PlayerInfoMixin.java:28: warning: Unable to determine descriptor for @Inject target method
    @Inject(method = "getSkinLocation", at = @At("HEAD"), cancellable = true)
    ^
C:\Users\nebur\Desktop\quick-skin-1.20.1-fabric-forge\common-1.21\src\main\java\com\quickskin\mod\mixin\PlayerInfoMixin.java:45: warning: Unable to determine descriptor for @Inject target method
    @Inject(method = "getModelName", at = @At("HEAD"), cancellable = true)
    ^
C:\Users\nebur\Desktop\quick-skin-1.20.1-fabric-forge\common-1.21\src\main\java\com\quickskin\mod\mixin\PlayerInfoMixin.java:62: warning: Unable to determine descriptor for @Inject target method
    @Inject(method = "getCapeLocation", at = @At("HEAD"), cancellable = true)
    ^
C:\Users\nebur\Desktop\quick-skin-1.20.1-fabric-forge\common-1.21\src\main\java\com\quickskin\mod\client\rendering\PlayerModelRenderer.java:456: error: cannot find symbol
                .uv(u0, v0)
                ^
  symbol:   method uv(float,float)
  location: interface VertexConsumer
C:\Users\nebur\Desktop\quick-skin-1.20.1-fabric-forge\common-1.21\src\main\java\com\quickskin\mod\client\rendering\PlayerModelRenderer.java:464: error: cannot find symbol
                .uv(u0, v1)
                ^
  symbol:   method uv(float,float)
  location: interface VertexConsumer
C:\Users\nebur\Desktop\quick-skin-1.20.1-fabric-forge\common-1.21\src\main\java\com\quickskin\mod\client\rendering\PlayerModelRenderer.java:472: error: cannot find symbol
                .uv(u1, v1)
                ^
  symbol:   method uv(float,float)
  location: interface VertexConsumer
C:\Users\nebur\Desktop\quick-skin-1.20.1-fabric-forge\common-1.21\src\main\java\com\quickskin\mod\client\rendering\PlayerModelRenderer.java:480: error: cannot find symbol
                .uv(u1, v0)
                ^
  symbol:   method uv(float,float)
  location: interface VertexConsumer
C:\Users\nebur\Desktop\quick-skin-1.20.1-fabric-forge\common-1.21\src\main\java\com\quickskin\mod\client\rendering\PlayerModelRenderer.java:513: error: cannot find symbol
                .uv(0, 0)
                ^
  symbol:   method uv(int,int)
  location: interface VertexConsumer
C:\Users\nebur\Desktop\quick-skin-1.20.1-fabric-forge\common-1.21\src\main\java\com\quickskin\mod\client\rendering\PlayerModelRenderer.java:518: error: cannot find symbol
                .uv(0, 1)
                ^
  symbol:   method uv(int,int)
  location: interface VertexConsumer
C:\Users\nebur\Desktop\quick-skin-1.20.1-fabric-forge\common-1.21\src\main\java\com\quickskin\mod\client\rendering\PlayerModelRenderer.java:523: error: cannot find symbol
                .uv(1, 1)
                ^
  symbol:   method uv(int,int)
  location: interface VertexConsumer
C:\Users\nebur\Desktop\quick-skin-1.20.1-fabric-forge\common-1.21\src\main\java\com\quickskin\mod\client\rendering\PlayerModelRenderer.java:528: error: cannot find symbol
                .uv(1, 0)
                ^
  symbol:   method uv(int,int)
  location: interface VertexConsumer
C:\Users\nebur\Desktop\quick-skin-1.20.1-fabric-forge\common-1.21\src\main\java\com\quickskin\mod\client\rendering\PlayerModelRenderer.java:563: error: cannot find symbol
                .uv(u0, v0)
                ^
  symbol:   method uv(float,float)
  location: interface VertexConsumer
C:\Users\nebur\Desktop\quick-skin-1.20.1-fabric-forge\common-1.21\src\main\java\com\quickskin\mod\client\rendering\PlayerModelRenderer.java:572: error: cannot find symbol
                .uv(u0, v1)
                ^
  symbol:   method uv(float,float)
  location: interface VertexConsumer
C:\Users\nebur\Desktop\quick-skin-1.20.1-fabric-forge\common-1.21\src\main\java\com\quickskin\mod\client\rendering\PlayerModelRenderer.java:581: error: cannot find symbol
                .uv(u1, v1)
                ^
  symbol:   method uv(float,float)
  location: interface VertexConsumer
C:\Users\nebur\Desktop\quick-skin-1.20.1-fabric-forge\common-1.21\src\main\java\com\quickskin\mod\client\rendering\PlayerModelRenderer.java:590: error: cannot find symbol
                .uv(u1, v0)
                ^
  symbol:   method uv(float,float)
  location: interface VertexConsumer
C:\Users\nebur\Desktop\quick-skin-1.20.1-fabric-forge\common-1.21\src\main\java\com\quickskin\mod\client\rendering\PlayerModelRenderer.java:868: error: cannot find symbol
                .uv(0, 0)
                ^
  symbol:   method uv(int,int)
  location: interface VertexConsumer
C:\Users\nebur\Desktop\quick-skin-1.20.1-fabric-forge\common-1.21\src\main\java\com\quickskin\mod\client\rendering\PlayerModelRenderer.java:876: error: cannot find symbol
                .uv(0, 1)
                ^
  symbol:   method uv(int,int)
  location: interface VertexConsumer
C:\Users\nebur\Desktop\quick-skin-1.20.1-fabric-forge\common-1.21\src\main\java\com\quickskin\mod\client\rendering\PlayerModelRenderer.java:884: error: cannot find symbol
                .uv(1, 1)
                ^
  symbol:   method uv(int,int)
  location: interface VertexConsumer
C:\Users\nebur\Desktop\quick-skin-1.20.1-fabric-forge\common-1.21\src\main\java\com\quickskin\mod\client\rendering\PlayerModelRenderer.java:892: error: cannot find symbol
                .uv(1, 0)
                ^
  symbol:   method uv(int,int)
  location: interface VertexConsumer
C:\Users\nebur\Desktop\quick-skin-1.20.1-fabric-forge\common-1.21\src\main\java\com\quickskin\mod\client\rendering\PlayerModelRenderer.java:901: error: cannot find symbol
                .uv(0, 0)
                ^
  symbol:   method uv(int,int)
  location: interface VertexConsumer
C:\Users\nebur\Desktop\quick-skin-1.20.1-fabric-forge\common-1.21\src\main\java\com\quickskin\mod\client\rendering\PlayerModelRenderer.java:908: error: cannot find symbol
                .uv(0, 1)
                ^
  symbol:   method uv(int,int)
  location: interface VertexConsumer
C:\Users\nebur\Desktop\quick-skin-1.20.1-fabric-forge\common-1.21\src\main\java\com\quickskin\mod\client\rendering\PlayerModelRenderer.java:915: error: cannot find symbol
                .uv(1, 1)
                ^
  symbol:   method uv(int,int)
  location: interface VertexConsumer
C:\Users\nebur\Desktop\quick-skin-1.20.1-fabric-forge\common-1.21\src\main\java\com\quickskin\mod\client\rendering\PlayerModelRenderer.java:922: error: cannot find symbol
                .uv(1, 0)
                ^
  symbol:   method uv(int,int)
  location: interface VertexConsumer
C:\Users\nebur\Desktop\quick-skin-1.20.1-fabric-forge\common-1.21\src\main\java\com\quickskin\mod\client\rendering\PlayerModelRenderer.java:931: error: cannot find symbol
                .uv(0, 0)
                ^
  symbol:   method uv(int,int)
  location: interface VertexConsumer
C:\Users\nebur\Desktop\quick-skin-1.20.1-fabric-forge\common-1.21\src\main\java\com\quickskin\mod\client\rendering\PlayerModelRenderer.java:938: error: cannot find symbol
                .uv(0, 1)
                ^
  symbol:   method uv(int,int)
  location: interface VertexConsumer
C:\Users\nebur\Desktop\quick-skin-1.20.1-fabric-forge\common-1.21\src\main\java\com\quickskin\mod\client\rendering\PlayerModelRenderer.java:945: error: cannot find symbol
                .uv(1, 1)
                ^
  symbol:   method uv(int,int)
  location: interface VertexConsumer
C:\Users\nebur\Desktop\quick-skin-1.20.1-fabric-forge\common-1.21\src\main\java\com\quickskin\mod\client\rendering\PlayerModelRenderer.java:952: error: cannot find symbol
                .uv(1, 0)
                ^
  symbol:   method uv(int,int)
  location: interface VertexConsumer
C:\Users\nebur\Desktop\quick-skin-1.20.1-fabric-forge\common-1.21\src\main\java\com\quickskin\mod\client\rendering\PlayerModelRenderer.java:1012: error: cannot find symbol
        consumer.addVertex(matrix, x1, y1, z1).color(r, g, b, 255).normal(1, 0, 0).endVertex();
                                              ^
  symbol:   method color(int,int,int,int)
  location: interface VertexConsumer
C:\Users\nebur\Desktop\quick-skin-1.20.1-fabric-forge\common-1.21\src\main\java\com\quickskin\mod\client\rendering\PlayerModelRenderer.java:1013: error: cannot find symbol
        consumer.addVertex(matrix, x2, y2, z2).color(r, g, b, 255).normal(1, 0, 0).endVertex();
                                              ^
  symbol:   method color(int,int,int,int)
  location: interface VertexConsumer
C:\Users\nebur\Desktop\quick-skin-1.20.1-fabric-forge\common-1.21\src\main\java\com\quickskin\mod\event\CommonEvents.java:65: warning: [removal] sendToPlayer(ServerPlayer,ResourceLocation,RegistryFriendlyByteBuf) in NetworkManager has been deprecated and marked for removal
                NetworkManager.sendToPlayer((ServerPlayer) player, ModNetworking.COOLDOWN_UPDATE, cooldownBuf);
                              ^
C:\Users\nebur\Desktop\quick-skin-1.20.1-fabric-forge\common-1.21\src\main\java\com\quickskin\mod\event\CommonEvents.java:88: error: incompatible types: incompatible parameter types in lambda expression
        PlayerEvent.PLAYER_RESPAWN.register((serverPlayer) -> {
                                            ^
C:\Users\nebur\Desktop\quick-skin-1.20.1-fabric-forge\common-1.21\src\main\java\com\quickskin\mod\networking\ClientNetworking.java:23: warning: [removal] registerReceiver(Side,ResourceLocation,NetworkReceiver<RegistryFriendlyByteBuf>) in NetworkManager has been deprecated and marked for removal
        NetworkManager.registerReceiver(
                      ^
C:\Users\nebur\Desktop\quick-skin-1.20.1-fabric-forge\common-1.21\src\main\java\com\quickskin\mod\networking\ClientNetworking.java:29: warning: [removal] registerReceiver(Side,ResourceLocation,NetworkReceiver<RegistryFriendlyByteBuf>) in NetworkManager has been deprecated and marked for removal
        NetworkManager.registerReceiver(
                      ^
C:\Users\nebur\Desktop\quick-skin-1.20.1-fabric-forge\common-1.21\src\main\java\com\quickskin\mod\networking\ClientNetworking.java:35: warning: [removal] registerReceiver(Side,ResourceLocation,NetworkReceiver<RegistryFriendlyByteBuf>) in NetworkManager has been deprecated and marked for removal
        NetworkManager.registerReceiver(
                      ^
C:\Users\nebur\Desktop\quick-skin-1.20.1-fabric-forge\common-1.21\src\main\java\com\quickskin\mod\networking\ClientNetworking.java:41: warning: [removal] registerReceiver(Side,ResourceLocation,NetworkReceiver<RegistryFriendlyByteBuf>) in NetworkManager has been deprecated and marked for removal
        NetworkManager.registerReceiver(
                      ^
C:\Users\nebur\Desktop\quick-skin-1.20.1-fabric-forge\common-1.21\src\main\java\com\quickskin\mod\networking\ClientNetworking.java:47: warning: [removal] registerReceiver(Side,ResourceLocation,NetworkReceiver<RegistryFriendlyByteBuf>) in NetworkManager has been deprecated and marked for removal
        NetworkManager.registerReceiver(
                      ^
C:\Users\nebur\Desktop\quick-skin-1.20.1-fabric-forge\common-1.21\src\main\java\com\quickskin\mod\networking\ClientNetworking.java:53: warning: [removal] registerReceiver(Side,ResourceLocation,NetworkReceiver<RegistryFriendlyByteBuf>) in NetworkManager has been deprecated and marked for removal
        NetworkManager.registerReceiver(
                      ^
C:\Users\nebur\Desktop\quick-skin-1.20.1-fabric-forge\common-1.21\src\main\java\com\quickskin\mod\networking\ModNetworking.java:59: warning: [removal] registerReceiver(Side,ResourceLocation,NetworkReceiver<RegistryFriendlyByteBuf>) in NetworkManager has been deprecated and marked for removal
        NetworkManager.registerReceiver(
                      ^
C:\Users\nebur\Desktop\quick-skin-1.20.1-fabric-forge\common-1.21\src\main\java\com\quickskin\mod\networking\ModNetworking.java:65: warning: [removal] registerReceiver(Side,ResourceLocation,NetworkReceiver<RegistryFriendlyByteBuf>) in NetworkManager has been deprecated and marked for removal
        NetworkManager.registerReceiver(
                      ^
C:\Users\nebur\Desktop\quick-skin-1.20.1-fabric-forge\common-1.21\src\main\java\com\quickskin\mod\networking\ModNetworking.java:71: warning: [removal] registerReceiver(Side,ResourceLocation,NetworkReceiver<RegistryFriendlyByteBuf>) in NetworkManager has been deprecated and marked for removal
        NetworkManager.registerReceiver(
                      ^
C:\Users\nebur\Desktop\quick-skin-1.20.1-fabric-forge\common-1.21\src\main\java\com\quickskin\mod\networking\ModNetworking.java:77: warning: [removal] registerReceiver(Side,ResourceLocation,NetworkReceiver<RegistryFriendlyByteBuf>) in NetworkManager has been deprecated and marked for removal
        NetworkManager.registerReceiver(
                      ^
C:\Users\nebur\Desktop\quick-skin-1.20.1-fabric-forge\common-1.21\src\main\java\com\quickskin\mod\networking\ModNetworking.java:83: warning: [removal] registerReceiver(Side,ResourceLocation,NetworkReceiver<RegistryFriendlyByteBuf>) in NetworkManager has been deprecated and marked for removal
        NetworkManager.registerReceiver(
                      ^
C:\Users\nebur\Desktop\quick-skin-1.20.1-fabric-forge\common-1.21\src\main\java\com\quickskin\mod\networking\ModNetworking.java:89: warning: [removal] registerReceiver(Side,ResourceLocation,NetworkReceiver<RegistryFriendlyByteBuf>) in NetworkManager has been deprecated and marked for removal
        NetworkManager.registerReceiver(
                      ^
C:\Users\nebur\Desktop\quick-skin-1.20.1-fabric-forge\common-1.21\src\main\java\com\quickskin\mod\networking\NetworkSyncService.java:79: warning: [removal] sendToServer(ResourceLocation,RegistryFriendlyByteBuf) in NetworkManager has been deprecated and marked for removal
        NetworkManager.sendToServer(ModNetworking.UPDATE_APPEARANCE, buf);
                      ^
C:\Users\nebur\Desktop\quick-skin-1.20.1-fabric-forge\common-1.21\src\main\java\com\quickskin\mod\networking\NetworkSyncService.java:124: warning: [removal] sendToServer(ResourceLocation,RegistryFriendlyByteBuf) in NetworkManager has been deprecated and marked for removal
            NetworkManager.sendToServer(ModNetworking.TEXTURE_CHUNK, buf);
                          ^
C:\Users\nebur\Desktop\quick-skin-1.20.1-fabric-forge\common-1.21\src\main\java\com\quickskin\mod\networking\NetworkSyncService.java:149: warning: [removal] sendToServer(ResourceLocation,RegistryFriendlyByteBuf) in NetworkManager has been deprecated and marked for removal
        NetworkManager.sendToServer(ModNetworking.UPLOAD_ANIMATION_METADATA, buf);
                      ^
C:\Users\nebur\Desktop\quick-skin-1.20.1-fabric-forge\common-1.21\src\main\java\com\quickskin\mod\networking\NetworkSyncService.java:174: warning: [removal] sendToServer(ResourceLocation,RegistryFriendlyByteBuf) in NetworkManager has been deprecated and marked for removal
        NetworkManager.sendToServer(ModNetworking.UPDATE_APPEARANCE, buf);
                      ^
C:\Users\nebur\Desktop\quick-skin-1.20.1-fabric-forge\common-1.21\src\main\java\com\quickskin\mod\networking\NetworkSyncService.java:193: warning: [removal] sendToServer(ResourceLocation,RegistryFriendlyByteBuf) in NetworkManager has been deprecated and marked for removal
        NetworkManager.sendToServer(ModNetworking.REQUEST_TEXTURE, buf);
                      ^
C:\Users\nebur\Desktop\quick-skin-1.20.1-fabric-forge\common-1.21\src\main\java\com\quickskin\mod\networking\ServerNetworkHandler.java:102: warning: [removal] sendToPlayer(ServerPlayer,ResourceLocation,RegistryFriendlyByteBuf) in NetworkManager has been deprecated and marked for removal
                NetworkManager.sendToPlayer(player, ModNetworking.COOLDOWN_UPDATE, cooldownBuf);
                              ^
C:\Users\nebur\Desktop\quick-skin-1.20.1-fabric-forge\common-1.21\src\main\java\com\quickskin\mod\networking\ServerNetworkHandler.java:239: warning: [removal] sendToPlayer(ServerPlayer,ResourceLocation,RegistryFriendlyByteBuf) in NetworkManager has been deprecated and marked for removal
                NetworkManager.sendToPlayer(otherPlayer, ModNetworking.SEND_TEXTURE, packet);
                              ^
C:\Users\nebur\Desktop\quick-skin-1.20.1-fabric-forge\common-1.21\src\main\java\com\quickskin\mod\networking\ServerNetworkHandler.java:263: warning: [removal] sendToPlayer(ServerPlayer,ResourceLocation,RegistryFriendlyByteBuf) in NetworkManager has been deprecated and marked for removal
                NetworkManager.sendToPlayer(otherPlayer, ModNetworking.SYNC_APPEARANCE, packet);
                              ^
C:\Users\nebur\Desktop\quick-skin-1.20.1-fabric-forge\common-1.21\src\main\java\com\quickskin\mod\networking\ServerNetworkHandler.java:290: warning: [removal] sendToPlayer(ServerPlayer,ResourceLocation,RegistryFriendlyByteBuf) in NetworkManager has been deprecated and marked for removal
            NetworkManager.sendToPlayer(recipient, ModNetworking.SYNC_APPEARANCE, packet);
                          ^
C:\Users\nebur\Desktop\quick-skin-1.20.1-fabric-forge\common-1.21\src\main\java\com\quickskin\mod\networking\ServerNetworkHandler.java:302: warning: [removal] sendToPlayer(ServerPlayer,ResourceLocation,RegistryFriendlyByteBuf) in NetworkManager has been deprecated and marked for removal
                    NetworkManager.sendToPlayer(recipient, ModNetworking.SEND_TEXTURE, skinPacket);
                                  ^
C:\Users\nebur\Desktop\quick-skin-1.20.1-fabric-forge\common-1.21\src\main\java\com\quickskin\mod\networking\ServerNetworkHandler.java:313: warning: [removal] sendToPlayer(ServerPlayer,ResourceLocation,RegistryFriendlyByteBuf) in NetworkManager has been deprecated and marked for removal
                    NetworkManager.sendToPlayer(recipient, ModNetworking.SEND_TEXTURE, capePacket);
                                  ^
C:\Users\nebur\Desktop\quick-skin-1.20.1-fabric-forge\common-1.21\src\main\java\com\quickskin\mod\networking\ServerNetworkHandler.java:320: warning: [removal] sendToPlayer(ServerPlayer,ResourceLocation,RegistryFriendlyByteBuf) in NetworkManager has been deprecated and marked for removal
                        NetworkManager.sendToPlayer(recipient, ModNetworking.SEND_ANIMATION_METADATA, animPacket);
                                      ^
C:\Users\nebur\Desktop\quick-skin-1.20.1-fabric-forge\common-1.21\src\main\java\com\quickskin\mod\networking\ServerNetworkHandler.java:377: warning: [removal] sendToPlayer(ServerPlayer,ResourceLocation,RegistryFriendlyByteBuf) in NetworkManager has been deprecated and marked for removal
        NetworkManager.sendToPlayer(player, ModNetworking.SEND_TEXTURE, packet);
                      ^
C:\Users\nebur\Desktop\quick-skin-1.20.1-fabric-forge\common-1.21\src\main\java\com\quickskin\mod\networking\ServerNetworkHandler.java:393: warning: [removal] sendToPlayer(ServerPlayer,ResourceLocation,RegistryFriendlyByteBuf) in NetworkManager has been deprecated and marked for removal
                NetworkManager.sendToPlayer(otherPlayer, ModNetworking.SEND_ANIMATION_METADATA, packet);
                              ^
C:\Users\nebur\Desktop\quick-skin-1.20.1-fabric-forge\common-1.21\src\main\java\com\quickskin\mod\networking\ServerNetworkHandler.java:411: warning: [removal] sendToPlayer(ServerPlayer,ResourceLocation,RegistryFriendlyByteBuf) in NetworkManager has been deprecated and marked for removal
        NetworkManager.sendToPlayer(player, ModNetworking.SYNC_SERVER_CONFIG, packet);
                      ^
Note: C:\Users\nebur\Desktop\quick-skin-1.20.1-fabric-forge\common-1.21\src\main\java\com\quickskin\mod\client\services\MojangApiService.java uses or overrides a deprecated API.
Note: Recompile with -Xlint:deprecation for details.
Note: Some messages have been simplified; recompile with -Xdiags:verbose to get full output
27 errors
31 warnings

[Incubating] Problems report is available at: file:///C:/Users/nebur/Desktop/quick-skin-1.20.1-fabric-forge/build/reports/problems/problems-report.html

FAILURE: Build failed with an exception.

* What went wrong:
Execution failed for task ':common-1.21:compileJava'.
> Compilation failed; see the compiler output below.
  Note: C:\Users\nebur\Desktop\quick-skin-1.20.1-fabric-forge\common-1.21\src\main\java\com\quickskin\mod\client\services\MojangApiService.java uses or overrides a deprecated API.
  C:\Users\nebur\Desktop\quick-skin-1.20.1-fabric-forge\common-1.21\src\main\java\com\quickskin\mod\mixin\PlayerInfoMixin.java:28: warning: Unable to determine descriptor for @Inject target method
      @Inject(method = "getSkinLocation", at = @At("HEAD"), cancellable = true)
      ^
  C:\Users\nebur\Desktop\quick-skin-1.20.1-fabric-forge\common-1.21\src\main\java\com\quickskin\mod\mixin\PlayerInfoMixin.java:45: warning: Unable to determine descriptor for @Inject target method
      @Inject(method = "getModelName", at = @At("HEAD"), cancellable = true)
      ^
  C:\Users\nebur\Desktop\quick-skin-1.20.1-fabric-forge\common-1.21\src\main\java\com\quickskin\mod\mixin\PlayerInfoMixin.java:62: warning: Unable to determine descriptor for @Inject target method
      @Inject(method = "getCapeLocation", at = @At("HEAD"), cancellable = true)
      ^
  Note: Recompile with -Xlint:deprecation for details.
  C:\Users\nebur\Desktop\quick-skin-1.20.1-fabric-forge\common-1.21\src\main\java\com\quickskin\mod\event\CommonEvents.java:88: error: incompatible types: incompatible parameter types in lambda expression
          PlayerEvent.PLAYER_RESPAWN.register((serverPlayer) -> {
                                              ^
  C:\Users\nebur\Desktop\quick-skin-1.20.1-fabric-forge\common-1.21\src\main\java\com\quickskin\mod\event\CommonEvents.java:65: warning: [removal] sendToPlayer(ServerPlayer,ResourceLocation,RegistryFriendlyByteBuf) in NetworkManager has been deprecated and marked for removal
                  NetworkManager.sendToPlayer((ServerPlayer) player, ModNetworking.COOLDOWN_UPDATE, cooldownBuf);
                                ^
  C:\Users\nebur\Desktop\quick-skin-1.20.1-fabric-forge\common-1.21\src\main\java\com\quickskin\mod\networking\ClientNetworking.java:23: warning: [removal] registerReceiver(Side,ResourceLocation,NetworkReceiver<RegistryFriendlyByteBuf>) in NetworkManager has been deprecated and marked for removal
          NetworkManager.registerReceiver(
                        ^
  C:\Users\nebur\Desktop\quick-skin-1.20.1-fabric-forge\common-1.21\src\main\java\com\quickskin\mod\networking\ClientNetworking.java:29: warning: [removal] registerReceiver(Side,ResourceLocation,NetworkReceiver<RegistryFriendlyByteBuf>) in NetworkManager has been deprecated and marked for removal
          NetworkManager.registerReceiver(
                        ^
  C:\Users\nebur\Desktop\quick-skin-1.20.1-fabric-forge\common-1.21\src\main\java\com\quickskin\mod\networking\ClientNetworking.java:35: warning: [removal] registerReceiver(Side,ResourceLocation,NetworkReceiver<RegistryFriendlyByteBuf>) in NetworkManager has been deprecated and marked for removal
          NetworkManager.registerReceiver(
                        ^
  C:\Users\nebur\Desktop\quick-skin-1.20.1-fabric-forge\common-1.21\src\main\java\com\quickskin\mod\networking\ClientNetworking.java:41: warning: [removal] registerReceiver(Side,ResourceLocation,NetworkReceiver<RegistryFriendlyByteBuf>) in NetworkManager has been deprecated and marked for removal
          NetworkManager.registerReceiver(
                        ^
  C:\Users\nebur\Desktop\quick-skin-1.20.1-fabric-forge\common-1.21\src\main\java\com\quickskin\mod\networking\ClientNetworking.java:47: warning: [removal] registerReceiver(Side,ResourceLocation,NetworkReceiver<RegistryFriendlyByteBuf>) in NetworkManager has been deprecated and marked for removal
          NetworkManager.registerReceiver(
                        ^
  C:\Users\nebur\Desktop\quick-skin-1.20.1-fabric-forge\common-1.21\src\main\java\com\quickskin\mod\networking\ClientNetworking.java:53: warning: [removal] registerReceiver(Side,ResourceLocation,NetworkReceiver<RegistryFriendlyByteBuf>) in NetworkManager has been deprecated and marked for removal
          NetworkManager.registerReceiver(
                        ^
  C:\Users\nebur\Desktop\quick-skin-1.20.1-fabric-forge\common-1.21\src\main\java\com\quickskin\mod\networking\ModNetworking.java:59: warning: [removal] registerReceiver(Side,ResourceLocation,NetworkReceiver<RegistryFriendlyByteBuf>) in NetworkManager has been deprecated and marked for removal
          NetworkManager.registerReceiver(
                        ^
  C:\Users\nebur\Desktop\quick-skin-1.20.1-fabric-forge\common-1.21\src\main\java\com\quickskin\mod\networking\ModNetworking.java:65: warning: [removal] registerReceiver(Side,ResourceLocation,NetworkReceiver<RegistryFriendlyByteBuf>) in NetworkManager has been deprecated and marked for removal
          NetworkManager.registerReceiver(
                        ^
  C:\Users\nebur\Desktop\quick-skin-1.20.1-fabric-forge\common-1.21\src\main\java\com\quickskin\mod\networking\ModNetworking.java:71: warning: [removal] registerReceiver(Side,ResourceLocation,NetworkReceiver<RegistryFriendlyByteBuf>) in NetworkManager has been deprecated and marked for removal
          NetworkManager.registerReceiver(
                        ^
  C:\Users\nebur\Desktop\quick-skin-1.20.1-fabric-forge\common-1.21\src\main\java\com\quickskin\mod\networking\ModNetworking.java:77: warning: [removal] registerReceiver(Side,ResourceLocation,NetworkReceiver<RegistryFriendlyByteBuf>) in NetworkManager has been deprecated and marked for removal
          NetworkManager.registerReceiver(
                        ^
  C:\Users\nebur\Desktop\quick-skin-1.20.1-fabric-forge\common-1.21\src\main\java\com\quickskin\mod\networking\ModNetworking.java:83: warning: [removal] registerReceiver(Side,ResourceLocation,NetworkReceiver<RegistryFriendlyByteBuf>) in NetworkManager has been deprecated and marked for removal
          NetworkManager.registerReceiver(
                        ^
  C:\Users\nebur\Desktop\quick-skin-1.20.1-fabric-forge\common-1.21\src\main\java\com\quickskin\mod\networking\ModNetworking.java:89: warning: [removal] registerReceiver(Side,ResourceLocation,NetworkReceiver<RegistryFriendlyByteBuf>) in NetworkManager has been deprecated and marked for removal
          NetworkManager.registerReceiver(
                        ^
  C:\Users\nebur\Desktop\quick-skin-1.20.1-fabric-forge\common-1.21\src\main\java\com\quickskin\mod\networking\NetworkSyncService.java:79: warning: [removal] sendToServer(ResourceLocation,RegistryFriendlyByteBuf) in NetworkManager has been deprecated and marked for removal
          NetworkManager.sendToServer(ModNetworking.UPDATE_APPEARANCE, buf);
                        ^
  C:\Users\nebur\Desktop\quick-skin-1.20.1-fabric-forge\common-1.21\src\main\java\com\quickskin\mod\networking\NetworkSyncService.java:124: warning: [removal] sendToServer(ResourceLocation,RegistryFriendlyByteBuf) in NetworkManager has been deprecated and marked for removal
              NetworkManager.sendToServer(ModNetworking.TEXTURE_CHUNK, buf);
                            ^
  C:\Users\nebur\Desktop\quick-skin-1.20.1-fabric-forge\common-1.21\src\main\java\com\quickskin\mod\networking\NetworkSyncService.java:149: warning: [removal] sendToServer(ResourceLocation,RegistryFriendlyByteBuf) in NetworkManager has been deprecated and marked for removal
          NetworkManager.sendToServer(ModNetworking.UPLOAD_ANIMATION_METADATA, buf);
                        ^
  C:\Users\nebur\Desktop\quick-skin-1.20.1-fabric-forge\common-1.21\src\main\java\com\quickskin\mod\networking\NetworkSyncService.java:174: warning: [removal] sendToServer(ResourceLocation,RegistryFriendlyByteBuf) in NetworkManager has been deprecated and marked for removal
          NetworkManager.sendToServer(ModNetworking.UPDATE_APPEARANCE, buf);
                        ^
  C:\Users\nebur\Desktop\quick-skin-1.20.1-fabric-forge\common-1.21\src\main\java\com\quickskin\mod\networking\NetworkSyncService.java:193: warning: [removal] sendToServer(ResourceLocation,RegistryFriendlyByteBuf) in NetworkManager has been deprecated and marked for removal
          NetworkManager.sendToServer(ModNetworking.REQUEST_TEXTURE, buf);
                        ^
  C:\Users\nebur\Desktop\quick-skin-1.20.1-fabric-forge\common-1.21\src\main\java\com\quickskin\mod\networking\ServerNetworkHandler.java:102: warning: [removal] sendToPlayer(ServerPlayer,ResourceLocation,RegistryFriendlyByteBuf) in NetworkManager has been deprecated and marked for removal
                  NetworkManager.sendToPlayer(player, ModNetworking.COOLDOWN_UPDATE, cooldownBuf);
                                ^
  C:\Users\nebur\Desktop\quick-skin-1.20.1-fabric-forge\common-1.21\src\main\java\com\quickskin\mod\networking\ServerNetworkHandler.java:239: warning: [removal] sendToPlayer(ServerPlayer,ResourceLocation,RegistryFriendlyByteBuf) in NetworkManager has been deprecated and marked for removal
                  NetworkManager.sendToPlayer(otherPlayer, ModNetworking.SEND_TEXTURE, packet);
                                ^
  C:\Users\nebur\Desktop\quick-skin-1.20.1-fabric-forge\common-1.21\src\main\java\com\quickskin\mod\networking\ServerNetworkHandler.java:263: warning: [removal] sendToPlayer(ServerPlayer,ResourceLocation,RegistryFriendlyByteBuf) in NetworkManager has been deprecated and marked for removal
                  NetworkManager.sendToPlayer(otherPlayer, ModNetworking.SYNC_APPEARANCE, packet);
                                ^
  C:\Users\nebur\Desktop\quick-skin-1.20.1-fabric-forge\common-1.21\src\main\java\com\quickskin\mod\networking\ServerNetworkHandler.java:290: warning: [removal] sendToPlayer(ServerPlayer,ResourceLocation,RegistryFriendlyByteBuf) in NetworkManager has been deprecated and marked for removal
              NetworkManager.sendToPlayer(recipient, ModNetworking.SYNC_APPEARANCE, packet);
                            ^
  C:\Users\nebur\Desktop\quick-skin-1.20.1-fabric-forge\common-1.21\src\main\java\com\quickskin\mod\networking\ServerNetworkHandler.java:302: warning: [removal] sendToPlayer(ServerPlayer,ResourceLocation,RegistryFriendlyByteBuf) in NetworkManager has been deprecated and marked for removal
                      NetworkManager.sendToPlayer(recipient, ModNetworking.SEND_TEXTURE, skinPacket);
                                    ^
  C:\Users\nebur\Desktop\quick-skin-1.20.1-fabric-forge\common-1.21\src\main\java\com\quickskin\mod\networking\ServerNetworkHandler.java:313: warning: [removal] sendToPlayer(ServerPlayer,ResourceLocation,RegistryFriendlyByteBuf) in NetworkManager has been deprecated and marked for removal
                      NetworkManager.sendToPlayer(recipient, ModNetworking.SEND_TEXTURE, capePacket);
                                    ^
  C:\Users\nebur\Desktop\quick-skin-1.20.1-fabric-forge\common-1.21\src\main\java\com\quickskin\mod\networking\ServerNetworkHandler.java:320: warning: [removal] sendToPlayer(ServerPlayer,ResourceLocation,RegistryFriendlyByteBuf) in NetworkManager has been deprecated and marked for removal
                          NetworkManager.sendToPlayer(recipient, ModNetworking.SEND_ANIMATION_METADATA, animPacket);
                                        ^
  C:\Users\nebur\Desktop\quick-skin-1.20.1-fabric-forge\common-1.21\src\main\java\com\quickskin\mod\networking\ServerNetworkHandler.java:377: warning: [removal] sendToPlayer(ServerPlayer,ResourceLocation,RegistryFriendlyByteBuf) in NetworkManager has been deprecated and marked for removal
          NetworkManager.sendToPlayer(player, ModNetworking.SEND_TEXTURE, packet);
                        ^
  C:\Users\nebur\Desktop\quick-skin-1.20.1-fabric-forge\common-1.21\src\main\java\com\quickskin\mod\networking\ServerNetworkHandler.java:393: warning: [removal] sendToPlayer(ServerPlayer,ResourceLocation,RegistryFriendlyByteBuf) in NetworkManager has been deprecated and marked for removal
                  NetworkManager.sendToPlayer(otherPlayer, ModNetworking.SEND_ANIMATION_METADATA, packet);
                                ^
  C:\Users\nebur\Desktop\quick-skin-1.20.1-fabric-forge\common-1.21\src\main\java\com\quickskin\mod\networking\ServerNetworkHandler.java:411: warning: [removal] sendToPlayer(ServerPlayer,ResourceLocation,RegistryFriendlyByteBuf) in NetworkManager has been deprecated and marked for removal
          NetworkManager.sendToPlayer(player, ModNetworking.SYNC_SERVER_CONFIG, packet);
                        ^
  Note: Some messages have been simplified; recompile with -Xdiags:verbose to get full output
  C:\Users\nebur\Desktop\quick-skin-1.20.1-fabric-forge\common-1.21\src\main\java\com\quickskin\mod\client\rendering\PlayerModelRenderer.java:456: error: cannot find symbol
                  .uv(u0, v0)
                  ^
    symbol:   method uv(float,float)
    location: interface VertexConsumer
  C:\Users\nebur\Desktop\quick-skin-1.20.1-fabric-forge\common-1.21\src\main\java\com\quickskin\mod\client\rendering\PlayerModelRenderer.java:464: error: cannot find symbol
                  .uv(u0, v1)
                  ^
    symbol:   method uv(float,float)
    location: interface VertexConsumer
  C:\Users\nebur\Desktop\quick-skin-1.20.1-fabric-forge\common-1.21\src\main\java\com\quickskin\mod\client\rendering\PlayerModelRenderer.java:472: error: cannot find symbol
                  .uv(u1, v1)
                  ^
    symbol:   method uv(float,float)
    location: interface VertexConsumer
  C:\Users\nebur\Desktop\quick-skin-1.20.1-fabric-forge\common-1.21\src\main\java\com\quickskin\mod\client\rendering\PlayerModelRenderer.java:480: error: cannot find symbol
                  .uv(u1, v0)
                  ^
    symbol:   method uv(float,float)
    location: interface VertexConsumer
  C:\Users\nebur\Desktop\quick-skin-1.20.1-fabric-forge\common-1.21\src\main\java\com\quickskin\mod\client\rendering\PlayerModelRenderer.java:513: error: cannot find symbol
                  .uv(0, 0)
                  ^
    symbol:   method uv(int,int)
    location: interface VertexConsumer
  C:\Users\nebur\Desktop\quick-skin-1.20.1-fabric-forge\common-1.21\src\main\java\com\quickskin\mod\client\rendering\PlayerModelRenderer.java:518: error: cannot find symbol
                  .uv(0, 1)
                  ^
    symbol:   method uv(int,int)
    location: interface VertexConsumer
  C:\Users\nebur\Desktop\quick-skin-1.20.1-fabric-forge\common-1.21\src\main\java\com\quickskin\mod\client\rendering\PlayerModelRenderer.java:523: error: cannot find symbol
                  .uv(1, 1)
                  ^
    symbol:   method uv(int,int)
    location: interface VertexConsumer
  C:\Users\nebur\Desktop\quick-skin-1.20.1-fabric-forge\common-1.21\src\main\java\com\quickskin\mod\client\rendering\PlayerModelRenderer.java:528: error: cannot find symbol
                  .uv(1, 0)
                  ^
    symbol:   method uv(int,int)
    location: interface VertexConsumer
  C:\Users\nebur\Desktop\quick-skin-1.20.1-fabric-forge\common-1.21\src\main\java\com\quickskin\mod\client\rendering\PlayerModelRenderer.java:563: error: cannot find symbol
                  .uv(u0, v0)
                  ^
    symbol:   method uv(float,float)
    location: interface VertexConsumer
  C:\Users\nebur\Desktop\quick-skin-1.20.1-fabric-forge\common-1.21\src\main\java\com\quickskin\mod\client\rendering\PlayerModelRenderer.java:572: error: cannot find symbol
                  .uv(u0, v1)
                  ^
    symbol:   method uv(float,float)
    location: interface VertexConsumer
  C:\Users\nebur\Desktop\quick-skin-1.20.1-fabric-forge\common-1.21\src\main\java\com\quickskin\mod\client\rendering\PlayerModelRenderer.java:581: error: cannot find symbol
                  .uv(u1, v1)
                  ^
    symbol:   method uv(float,float)
    location: interface VertexConsumer
  C:\Users\nebur\Desktop\quick-skin-1.20.1-fabric-forge\common-1.21\src\main\java\com\quickskin\mod\client\rendering\PlayerModelRenderer.java:590: error: cannot find symbol
                  .uv(u1, v0)
                  ^
    symbol:   method uv(float,float)
    location: interface VertexConsumer
  C:\Users\nebur\Desktop\quick-skin-1.20.1-fabric-forge\common-1.21\src\main\java\com\quickskin\mod\client\rendering\PlayerModelRenderer.java:868: error: cannot find symbol
                  .uv(0, 0)
                  ^
    symbol:   method uv(int,int)
    location: interface VertexConsumer
  C:\Users\nebur\Desktop\quick-skin-1.20.1-fabric-forge\common-1.21\src\main\java\com\quickskin\mod\client\rendering\PlayerModelRenderer.java:876: error: cannot find symbol
                  .uv(0, 1)
                  ^
    symbol:   method uv(int,int)
    location: interface VertexConsumer
  C:\Users\nebur\Desktop\quick-skin-1.20.1-fabric-forge\common-1.21\src\main\java\com\quickskin\mod\client\rendering\PlayerModelRenderer.java:884: error: cannot find symbol
                  .uv(1, 1)
                  ^
    symbol:   method uv(int,int)
    location: interface VertexConsumer
  C:\Users\nebur\Desktop\quick-skin-1.20.1-fabric-forge\common-1.21\src\main\java\com\quickskin\mod\client\rendering\PlayerModelRenderer.java:892: error: cannot find symbol
                  .uv(1, 0)
                  ^
    symbol:   method uv(int,int)
    location: interface VertexConsumer
  C:\Users\nebur\Desktop\quick-skin-1.20.1-fabric-forge\common-1.21\src\main\java\com\quickskin\mod\client\rendering\PlayerModelRenderer.java:901: error: cannot find symbol
                  .uv(0, 0)
                  ^
    symbol:   method uv(int,int)
    location: interface VertexConsumer
  C:\Users\nebur\Desktop\quick-skin-1.20.1-fabric-forge\common-1.21\src\main\java\com\quickskin\mod\client\rendering\PlayerModelRenderer.java:908: error: cannot find symbol
                  .uv(0, 1)
                  ^
    symbol:   method uv(int,int)
    location: interface VertexConsumer
  C:\Users\nebur\Desktop\quick-skin-1.20.1-fabric-forge\common-1.21\src\main\java\com\quickskin\mod\client\rendering\PlayerModelRenderer.java:915: error: cannot find symbol
                  .uv(1, 1)
                  ^
    symbol:   method uv(int,int)
    location: interface VertexConsumer
  C:\Users\nebur\Desktop\quick-skin-1.20.1-fabric-forge\common-1.21\src\main\java\com\quickskin\mod\client\rendering\PlayerModelRenderer.java:922: error: cannot find symbol
                  .uv(1, 0)
                  ^
    symbol:   method uv(int,int)
    location: interface VertexConsumer
  C:\Users\nebur\Desktop\quick-skin-1.20.1-fabric-forge\common-1.21\src\main\java\com\quickskin\mod\client\rendering\PlayerModelRenderer.java:931: error: cannot find symbol
                  .uv(0, 0)
                  ^
    symbol:   method uv(int,int)
    location: interface VertexConsumer
  C:\Users\nebur\Desktop\quick-skin-1.20.1-fabric-forge\common-1.21\src\main\java\com\quickskin\mod\client\rendering\PlayerModelRenderer.java:938: error: cannot find symbol
                  .uv(0, 1)
                  ^
    symbol:   method uv(int,int)
    location: interface VertexConsumer
  C:\Users\nebur\Desktop\quick-skin-1.20.1-fabric-forge\common-1.21\src\main\java\com\quickskin\mod\client\rendering\PlayerModelRenderer.java:945: error: cannot find symbol
                  .uv(1, 1)
                  ^
    symbol:   method uv(int,int)
    location: interface VertexConsumer
  C:\Users\nebur\Desktop\quick-skin-1.20.1-fabric-forge\common-1.21\src\main\java\com\quickskin\mod\client\rendering\PlayerModelRenderer.java:952: error: cannot find symbol
                  .uv(1, 0)
                  ^
    symbol:   method uv(int,int)
    location: interface VertexConsumer
  C:\Users\nebur\Desktop\quick-skin-1.20.1-fabric-forge\common-1.21\src\main\java\com\quickskin\mod\client\rendering\PlayerModelRenderer.java:1012: error: cannot find symbol
          consumer.addVertex(matrix, x1, y1, z1).color(r, g, b, 255).normal(1, 0, 0).endVertex();
                                                ^
    symbol:   method color(int,int,int,int)
    location: interface VertexConsumer
  C:\Users\nebur\Desktop\quick-skin-1.20.1-fabric-forge\common-1.21\src\main\java\com\quickskin\mod\client\rendering\PlayerModelRenderer.java:1013: error: cannot find symbol
          consumer.addVertex(matrix, x2, y2, z2).color(r, g, b, 255).normal(1, 0, 0).endVertex();
                                                ^
    symbol:   method color(int,int,int,int)
    location: interface VertexConsumer
  27 errors
  31 warnings

* Try:
> Check your code and dependencies to fix the compilation error(s)
> Run with --scan to get full insights.

BUILD FAILED in 3s
4 actionable tasks: 1 executed, 3 up-to-date
